<?php return array (
  0 => 'Symfony\\Bundle\\FrameworkBundle\\Controller\\AbstractController',
  1 => 'Symfony\\Bundle\\FrameworkBundle\\Controller\\Controller',
  2 => 'Doctrine\\Bundle\\DoctrineBundle\\Controller\\ProfilerController',
  3 => 'Doctrine\\ORM\\Cache\\Persister\\Entity\\AbstractEntityPersister',
  4 => 'Doctrine\\ORM\\Cache\\Persister\\Entity\\CachedEntityPersister',
  5 => 'Doctrine\\ORM\\Cache\\Persister\\Entity\\NonStrictReadWriteCachedEntityPersister',
  6 => 'Doctrine\\ORM\\Cache\\Persister\\Entity\\ReadOnlyCachedEntityPersister',
  7 => 'Doctrine\\ORM\\Cache\\Persister\\Entity\\ReadWriteCachedEntityPersister',
  8 => 'Doctrine\\ORM\\Persisters\\Entity\\AbstractEntityInheritancePersister',
  9 => 'Doctrine\\ORM\\Persisters\\Entity\\BasicEntityPersister',
  10 => 'Doctrine\\ORM\\Persisters\\Entity\\CachedPersisterContext',
  11 => 'Doctrine\\ORM\\Persisters\\Entity\\EntityPersister',
  12 => 'Doctrine\\ORM\\Persisters\\Entity\\JoinedSubclassPersister',
  13 => 'Doctrine\\ORM\\Persisters\\Entity\\SingleTablePersister',
  14 => 'PrestaShopBundle\\Controller\\Admin\\AddonsController',
  15 => 'PrestaShopBundle\\Controller\\Admin\\AttachementProductController',
  16 => 'PrestaShopBundle\\Controller\\Admin\\AttributeController',
  17 => 'PrestaShopBundle\\Controller\\Admin\\CategoryController',
  18 => 'PrestaShopBundle\\Controller\\Admin\\CombinationController',
  19 => 'PrestaShopBundle\\Controller\\Admin\\CommonController',
  20 => 'PrestaShopBundle\\Controller\\Admin\\Configure\\AdvancedParameters\\AdministrationController',
  21 => 'PrestaShopBundle\\Controller\\Admin\\Configure\\AdvancedParameters\\BackupController',
  22 => 'PrestaShopBundle\\Controller\\Admin\\Configure\\AdvancedParameters\\EmailController',
  23 => 'PrestaShopBundle\\Controller\\Admin\\Configure\\AdvancedParameters\\ImportController',
  24 => 'PrestaShopBundle\\Controller\\Admin\\Configure\\AdvancedParameters\\LogsController',
  25 => 'PrestaShopBundle\\Controller\\Admin\\Configure\\AdvancedParameters\\MemcacheServerController',
  26 => 'PrestaShopBundle\\Controller\\Admin\\Configure\\AdvancedParameters\\PerformanceController',
  27 => 'PrestaShopBundle\\Controller\\Admin\\Configure\\AdvancedParameters\\SqlManagerController',
  28 => 'PrestaShopBundle\\Controller\\Admin\\Configure\\AdvancedParameters\\SystemInformationController',
  29 => 'PrestaShopBundle\\Controller\\Admin\\Configure\\AdvancedParameters\\WebserviceController',
  30 => 'PrestaShopBundle\\Controller\\Admin\\Configure\\ShopParameters\\CustomerPreferencesController',
  31 => 'PrestaShopBundle\\Controller\\Admin\\Configure\\ShopParameters\\MaintenanceController',
  32 => 'PrestaShopBundle\\Controller\\Admin\\Configure\\ShopParameters\\MetaController',
  33 => 'PrestaShopBundle\\Controller\\Admin\\Configure\\ShopParameters\\OrderPreferencesController',
  34 => 'PrestaShopBundle\\Controller\\Admin\\Configure\\ShopParameters\\PreferencesController',
  35 => 'PrestaShopBundle\\Controller\\Admin\\Configure\\ShopParameters\\ProductPreferencesController',
  36 => 'PrestaShopBundle\\Controller\\Admin\\Configure\\ShowcaseCardController',
  37 => 'PrestaShopBundle\\Controller\\Admin\\FeatureController',
  38 => 'PrestaShopBundle\\Controller\\Admin\\FrameworkBundleAdminController',
  39 => 'PrestaShopBundle\\Controller\\Admin\\Improve\\Design\\PositionsController',
  40 => 'PrestaShopBundle\\Controller\\Admin\\Improve\\Design\\ThemeCatalogController',
  41 => 'PrestaShopBundle\\Controller\\Admin\\Improve\\International\\GeolocationController',
  42 => 'PrestaShopBundle\\Controller\\Admin\\Improve\\International\\LocalizationController',
  43 => 'PrestaShopBundle\\Controller\\Admin\\Improve\\ModuleController',
  44 => 'PrestaShopBundle\\Controller\\Admin\\Improve\\Modules\\AddonsStoreController',
  45 => 'PrestaShopBundle\\Controller\\Admin\\Improve\\Modules\\AlertsController',
  46 => 'PrestaShopBundle\\Controller\\Admin\\Improve\\Modules\\ModuleAbstractController',
  47 => 'PrestaShopBundle\\Controller\\Admin\\Improve\\Modules\\UpdatesController',
  48 => 'PrestaShopBundle\\Controller\\Admin\\Improve\\Payment\\PaymentMethodsController',
  49 => 'PrestaShopBundle\\Controller\\Admin\\Improve\\Payment\\PaymentPreferencesController',
  50 => 'PrestaShopBundle\\Controller\\Admin\\Improve\\Shipping\\PreferencesController',
  51 => 'PrestaShopBundle\\Controller\\Admin\\ProductController',
  52 => 'PrestaShopBundle\\Controller\\Admin\\ProductImageController',
  53 => 'PrestaShopBundle\\Controller\\Admin\\SecurityController',
  54 => 'PrestaShopBundle\\Controller\\Admin\\Sell\\Order\\DeliveryController',
  55 => 'PrestaShopBundle\\Controller\\Admin\\Sell\\Order\\InvoicesController',
  56 => 'PrestaShopBundle\\Controller\\Admin\\SpecificPriceController',
  57 => 'PrestaShopBundle\\Controller\\Admin\\StockController',
  58 => 'PrestaShopBundle\\Controller\\Admin\\SupplierController',
  59 => 'PrestaShopBundle\\Controller\\Admin\\TranslationsController',
  60 => 'PrestaShopBundle\\Controller\\Admin\\VirtualProductController',
  61 => 'PrestaShopBundle\\Controller\\Admin\\WarehouseController',
  62 => 'PrestaShopBundle\\Controller\\Api\\ApiController',
  63 => 'PrestaShopBundle\\Controller\\Api\\AttributeController',
  64 => 'PrestaShopBundle\\Controller\\Api\\CategoryController',
  65 => 'PrestaShopBundle\\Controller\\Api\\FeatureController',
  66 => 'PrestaShopBundle\\Controller\\Api\\I18nController',
  67 => 'PrestaShopBundle\\Controller\\Api\\Improve\\Design\\PositionsController',
  68 => 'PrestaShopBundle\\Controller\\Api\\ManufacturerController',
  69 => 'PrestaShopBundle\\Controller\\Api\\StockController',
  70 => 'PrestaShopBundle\\Controller\\Api\\StockMovementController',
  71 => 'PrestaShopBundle\\Controller\\Api\\SupplierController',
  72 => 'PrestaShopBundle\\Controller\\Api\\TranslationController',
  73 => 'PrestaShopBundle\\Controller\\ArgumentResolver\\SearchParametersResolver',
  74 => 'PrestaShopBundle\\Entity\\AdminFilter',
  75 => 'PrestaShopBundle\\Entity\\Attribute',
  76 => 'PrestaShopBundle\\Entity\\AttributeGroup',
  77 => 'PrestaShopBundle\\Entity\\AttributeGroupLang',
  78 => 'PrestaShopBundle\\Entity\\AttributeLang',
  79 => 'PrestaShopBundle\\Entity\\Lang',
  80 => 'PrestaShopBundle\\Entity\\ModuleHistory',
  81 => 'PrestaShopBundle\\Entity\\ProductIdentity',
  82 => 'PrestaShopBundle\\Entity\\Repository\\AdminFilterRepository',
  83 => 'PrestaShopBundle\\Entity\\Repository\\AttributeGroupLangRepository',
  84 => 'PrestaShopBundle\\Entity\\Repository\\AttributeGroupRepository',
  85 => 'PrestaShopBundle\\Entity\\Repository\\AttributeLangRepository',
  86 => 'PrestaShopBundle\\Entity\\Repository\\AttributeRepository',
  87 => 'PrestaShopBundle\\Entity\\Repository\\CategoryRepository',
  88 => 'PrestaShopBundle\\Entity\\Repository\\FeatureAttributeRepository',
  89 => 'PrestaShopBundle\\Entity\\Repository\\LangRepository',
  90 => 'PrestaShopBundle\\Entity\\Repository\\LogRepository',
  91 => 'PrestaShopBundle\\Entity\\Repository\\ManufacturerRepository',
  92 => 'PrestaShopBundle\\Entity\\Repository\\ModuleRepository',
  93 => 'PrestaShopBundle\\Entity\\Repository\\NormalizeFieldTrait',
  94 => 'PrestaShopBundle\\Entity\\Repository\\OrderInvoiceRepository',
  95 => 'PrestaShopBundle\\Entity\\Repository\\RequestSqlRepository',
  96 => 'PrestaShopBundle\\Entity\\Repository\\ShopGroupRepository',
  97 => 'PrestaShopBundle\\Entity\\Repository\\ShopRepository',
  98 => 'PrestaShopBundle\\Entity\\Repository\\StockManagementRepository',
  99 => 'PrestaShopBundle\\Entity\\Repository\\StockMovementRepository',
  100 => 'PrestaShopBundle\\Entity\\Repository\\StockRepository',
  101 => 'PrestaShopBundle\\Entity\\Repository\\SupplierRepository',
  102 => 'PrestaShopBundle\\Entity\\Repository\\TabLangRepository',
  103 => 'PrestaShopBundle\\Entity\\Repository\\TabRepository',
  104 => 'PrestaShopBundle\\Entity\\Repository\\TimezoneRepository',
  105 => 'PrestaShopBundle\\Entity\\Repository\\TranslationRepository',
  106 => 'PrestaShopBundle\\Entity\\Shop',
  107 => 'PrestaShopBundle\\Entity\\ShopGroup',
  108 => 'PrestaShopBundle\\Entity\\StockMvt',
  109 => 'PrestaShopBundle\\Entity\\Tab',
  110 => 'PrestaShopBundle\\Entity\\TabLang',
  111 => 'PrestaShopBundle\\Entity\\Translation',
  114 => 'Symfony\\Bundle\\FrameworkBundle\\Controller\\ControllerNameParser',
  115 => 'Symfony\\Bundle\\FrameworkBundle\\Controller\\ControllerResolver',
  116 => 'Symfony\\Bundle\\FrameworkBundle\\Controller\\ControllerTrait',
  117 => 'Symfony\\Bundle\\FrameworkBundle\\Controller\\RedirectController',
  118 => 'Symfony\\Bundle\\FrameworkBundle\\Controller\\TemplateController',
  119 => 'Symfony\\Bundle\\TwigBundle\\Controller\\ExceptionController',
  120 => 'Symfony\\Bundle\\TwigBundle\\Controller\\PreviewErrorController',
  121 => 'Symfony\\Bundle\\WebProfilerBundle\\Controller\\ExceptionController',
  122 => 'Symfony\\Bundle\\WebProfilerBundle\\Controller\\ProfilerController',
  123 => 'Symfony\\Bundle\\WebProfilerBundle\\Controller\\RouterController',
  124 => 'Symfony\\Component\\HttpKernel\\Controller\\ArgumentResolver',
  125 => 'Symfony\\Component\\HttpKernel\\Controller\\ArgumentResolverInterface',
  126 => 'Symfony\\Component\\HttpKernel\\Controller\\ArgumentResolver\\DefaultValueResolver',
  127 => 'Symfony\\Component\\HttpKernel\\Controller\\ArgumentResolver\\RequestAttributeValueResolver',
  128 => 'Symfony\\Component\\HttpKernel\\Controller\\ArgumentResolver\\RequestValueResolver',
  129 => 'Symfony\\Component\\HttpKernel\\Controller\\ArgumentResolver\\ServiceValueResolver',
  130 => 'Symfony\\Component\\HttpKernel\\Controller\\ArgumentResolver\\SessionValueResolver',
  131 => 'Symfony\\Component\\HttpKernel\\Controller\\ArgumentResolver\\VariadicValueResolver',
  132 => 'Symfony\\Component\\HttpKernel\\Controller\\ArgumentValueResolverInterface',
  133 => 'Symfony\\Component\\HttpKernel\\Controller\\ContainerControllerResolver',
  134 => 'Symfony\\Component\\HttpKernel\\Controller\\ControllerReference',
  135 => 'Symfony\\Component\\HttpKernel\\Controller\\ControllerResolver',
  136 => 'Symfony\\Component\\HttpKernel\\Controller\\ControllerResolverInterface',
  137 => 'Symfony\\Component\\HttpKernel\\Controller\\TraceableArgumentResolver',
  138 => 'Symfony\\Component\\HttpKernel\\Controller\\TraceableControllerResolver',
);